// Jest Snapshot v1, https://goo.gl/fbAQLP

exports[`typography component tests snapshot tests should render correctly 1`] = `
<span
  className="TypographyContainer-react-typescript-template__sc-foyag6-0 pfRQP"
  data-testid="Typography"
  variant="body1"
>
  text
</span>
`;
