// Jest Snapshot v1, https://goo.gl/fbAQLP

exports[`textToggle component tests snapshot tests should render correctly 1`] = `
<div
  className="TextToggleContainer-react-typescript-template__sc-18txco-0 KmQAq"
  data-testid="TextToggle"
>
  <button
    className="ButtonContainer-react-typescript-template__sc-yih1da-0 Crivp TextToggleActiveButton-react-typescript-template__sc-18txco-1 fnsZfi"
    data-testid="Button"
    disabled={false}
    onClick={[Function]}
    onMouseEnter={[Function]}
    onMouseLeave={[Function]}
    size="MD"
    type="button"
  >
    teste1
  </button>
  <button
    className="ButtonContainer-react-typescript-template__sc-yih1da-0 Crivp TextToggleActiveButton-react-typescript-template__sc-18txco-1 TextToggleButton-react-typescript-template__sc-18txco-2 fnsZfi dLcSMb"
    data-testid="Button"
    disabled={false}
    onClick={[Function]}
    onMouseEnter={[Function]}
    onMouseLeave={[Function]}
    size="MD"
    type="button"
  >
    teste2
  </button>
  <button
    className="ButtonContainer-react-typescript-template__sc-yih1da-0 Crivp TextToggleActiveButton-react-typescript-template__sc-18txco-1 TextToggleButton-react-typescript-template__sc-18txco-2 fnsZfi dLcSMb"
    data-testid="Button"
    disabled={false}
    onClick={[Function]}
    onMouseEnter={[Function]}
    onMouseLeave={[Function]}
    size="MD"
    type="button"
  >
    teste3
  </button>
</div>
`;
